2025-04-21 17:18:33,306 - ExperimentRunner - INFO - 初始化实验运行器，实验ID: 20250421_171833
2025-04-21 17:18:33,306 - ExperimentRunner - INFO - 添加算法: ddpg，参数: {'lr': 0.001, 'batch_size': 64}
2025-04-21 17:18:33,306 - ExperimentRunner - INFO - 添加算法: prioritized_ddpg，参数: {'lr': 0.001, 'batch_size': 64}
2025-04-21 17:18:33,306 - ExperimentRunner - INFO - 添加算法: ppo，参数: {'lr': 0.0003, 'batch_size': 64}
2025-04-21 17:18:33,306 - ExperimentRunner - INFO - 添加算法: dqn，参数: {'lr': 0.001, 'batch_size': 64}
2025-04-21 17:18:33,306 - ExperimentRunner - INFO - 添加场景: urban，参数: {'uav_count': 5, 'user_density': 'high'}
2025-04-21 17:18:33,306 - ExperimentRunner - INFO - 添加场景: rural，参数: {'uav_count': 3, 'user_density': 'low'}
2025-04-21 17:18:33,306 - ExperimentRunner - INFO - 准备实验: 最大任务数=5000, 模拟时间=300秒
2025-04-21 17:18:33,306 - ExperimentRunner - INFO - 开始运行所有实验，共 4 个算法，2 个场景，每个重复 3 次
2025-04-21 17:18:33,307 - ExperimentRunner - INFO - 运行实验: 算法=ddpg, 场景=urban, 重复=1/3
2025-04-21 17:18:33,307 - ExperimentRunner - INFO - 执行命令: java -cp .:./bin:./lib/* -Dalgorithm=ddpg -Dscenario=urban -Dconfig=experiment_results/ddpg_urban_1/config.json -Doutput=experiment_results/ddpg_urban_1 -Dlr=0.001 -Dbatch_size=64 -Duav_count=5 -Duser_density=high UAVMECMainApp
2025-04-21 17:18:33,355 - ExperimentRunner - ERROR - 实验执行失败，错误码: 1
2025-04-21 17:18:33,355 - ExperimentRunner - ERROR - 错误输出: 错误: 找不到或无法加载主类 UAVMECMainApp

2025-04-21 17:18:33,355 - ExperimentRunner - INFO - 运行实验: 算法=ddpg, 场景=urban, 重复=2/3
2025-04-21 17:18:33,355 - ExperimentRunner - INFO - 执行命令: java -cp .:./bin:./lib/* -Dalgorithm=ddpg -Dscenario=urban -Dconfig=experiment_results/ddpg_urban_2/config.json -Doutput=experiment_results/ddpg_urban_2 -Dlr=0.001 -Dbatch_size=64 -Duav_count=5 -Duser_density=high UAVMECMainApp
2025-04-21 17:18:33,399 - ExperimentRunner - ERROR - 实验执行失败，错误码: 1
2025-04-21 17:18:33,399 - ExperimentRunner - ERROR - 错误输出: 错误: 找不到或无法加载主类 UAVMECMainApp

2025-04-21 17:18:33,400 - ExperimentRunner - INFO - 运行实验: 算法=ddpg, 场景=urban, 重复=3/3
2025-04-21 17:18:33,400 - ExperimentRunner - INFO - 执行命令: java -cp .:./bin:./lib/* -Dalgorithm=ddpg -Dscenario=urban -Dconfig=experiment_results/ddpg_urban_3/config.json -Doutput=experiment_results/ddpg_urban_3 -Dlr=0.001 -Dbatch_size=64 -Duav_count=5 -Duser_density=high UAVMECMainApp
2025-04-21 17:18:33,447 - ExperimentRunner - ERROR - 实验执行失败，错误码: 1
2025-04-21 17:18:33,447 - ExperimentRunner - ERROR - 错误输出: 错误: 找不到或无法加载主类 UAVMECMainApp

2025-04-21 17:18:33,447 - ExperimentRunner - INFO - 运行实验: 算法=ddpg, 场景=rural, 重复=1/3
2025-04-21 17:18:33,447 - ExperimentRunner - INFO - 执行命令: java -cp .:./bin:./lib/* -Dalgorithm=ddpg -Dscenario=rural -Dconfig=experiment_results/ddpg_rural_1/config.json -Doutput=experiment_results/ddpg_rural_1 -Dlr=0.001 -Dbatch_size=64 -Duav_count=3 -Duser_density=low UAVMECMainApp
2025-04-21 17:18:33,493 - ExperimentRunner - ERROR - 实验执行失败，错误码: 1
2025-04-21 17:18:33,493 - ExperimentRunner - ERROR - 错误输出: 错误: 找不到或无法加载主类 UAVMECMainApp

2025-04-21 17:18:33,493 - ExperimentRunner - INFO - 运行实验: 算法=ddpg, 场景=rural, 重复=2/3
2025-04-21 17:18:33,493 - ExperimentRunner - INFO - 执行命令: java -cp .:./bin:./lib/* -Dalgorithm=ddpg -Dscenario=rural -Dconfig=experiment_results/ddpg_rural_2/config.json -Doutput=experiment_results/ddpg_rural_2 -Dlr=0.001 -Dbatch_size=64 -Duav_count=3 -Duser_density=low UAVMECMainApp
2025-04-21 17:18:33,543 - ExperimentRunner - ERROR - 实验执行失败，错误码: 1
2025-04-21 17:18:33,543 - ExperimentRunner - ERROR - 错误输出: 错误: 找不到或无法加载主类 UAVMECMainApp

2025-04-21 17:18:33,543 - ExperimentRunner - INFO - 运行实验: 算法=ddpg, 场景=rural, 重复=3/3
2025-04-21 17:18:33,544 - ExperimentRunner - INFO - 执行命令: java -cp .:./bin:./lib/* -Dalgorithm=ddpg -Dscenario=rural -Dconfig=experiment_results/ddpg_rural_3/config.json -Doutput=experiment_results/ddpg_rural_3 -Dlr=0.001 -Dbatch_size=64 -Duav_count=3 -Duser_density=low UAVMECMainApp
2025-04-21 17:18:33,591 - ExperimentRunner - ERROR - 实验执行失败，错误码: 1
2025-04-21 17:18:33,591 - ExperimentRunner - ERROR - 错误输出: 错误: 找不到或无法加载主类 UAVMECMainApp

2025-04-21 17:18:33,591 - ExperimentRunner - INFO - 运行实验: 算法=prioritized_ddpg, 场景=urban, 重复=1/3
2025-04-21 17:18:33,592 - ExperimentRunner - INFO - 执行命令: java -cp .:./bin:./lib/* -Dalgorithm=prioritized_ddpg -Dscenario=urban -Dconfig=experiment_results/prioritized_ddpg_urban_1/config.json -Doutput=experiment_results/prioritized_ddpg_urban_1 -Dlr=0.001 -Dbatch_size=64 -Duav_count=5 -Duser_density=high UAVMECMainApp
2025-04-21 17:18:33,636 - ExperimentRunner - ERROR - 实验执行失败，错误码: 1
2025-04-21 17:18:33,636 - ExperimentRunner - ERROR - 错误输出: 错误: 找不到或无法加载主类 UAVMECMainApp

2025-04-21 17:18:33,636 - ExperimentRunner - INFO - 运行实验: 算法=prioritized_ddpg, 场景=urban, 重复=2/3
2025-04-21 17:18:33,636 - ExperimentRunner - INFO - 执行命令: java -cp .:./bin:./lib/* -Dalgorithm=prioritized_ddpg -Dscenario=urban -Dconfig=experiment_results/prioritized_ddpg_urban_2/config.json -Doutput=experiment_results/prioritized_ddpg_urban_2 -Dlr=0.001 -Dbatch_size=64 -Duav_count=5 -Duser_density=high UAVMECMainApp
2025-04-21 17:18:33,681 - ExperimentRunner - ERROR - 实验执行失败，错误码: 1
2025-04-21 17:18:33,681 - ExperimentRunner - ERROR - 错误输出: 错误: 找不到或无法加载主类 UAVMECMainApp

2025-04-21 17:18:33,681 - ExperimentRunner - INFO - 运行实验: 算法=prioritized_ddpg, 场景=urban, 重复=3/3
2025-04-21 17:18:33,682 - ExperimentRunner - INFO - 执行命令: java -cp .:./bin:./lib/* -Dalgorithm=prioritized_ddpg -Dscenario=urban -Dconfig=experiment_results/prioritized_ddpg_urban_3/config.json -Doutput=experiment_results/prioritized_ddpg_urban_3 -Dlr=0.001 -Dbatch_size=64 -Duav_count=5 -Duser_density=high UAVMECMainApp
2025-04-21 17:18:33,727 - ExperimentRunner - ERROR - 实验执行失败，错误码: 1
2025-04-21 17:18:33,727 - ExperimentRunner - ERROR - 错误输出: 错误: 找不到或无法加载主类 UAVMECMainApp

2025-04-21 17:18:33,727 - ExperimentRunner - INFO - 运行实验: 算法=prioritized_ddpg, 场景=rural, 重复=1/3
2025-04-21 17:18:33,727 - ExperimentRunner - INFO - 执行命令: java -cp .:./bin:./lib/* -Dalgorithm=prioritized_ddpg -Dscenario=rural -Dconfig=experiment_results/prioritized_ddpg_rural_1/config.json -Doutput=experiment_results/prioritized_ddpg_rural_1 -Dlr=0.001 -Dbatch_size=64 -Duav_count=3 -Duser_density=low UAVMECMainApp
2025-04-21 17:18:33,771 - ExperimentRunner - ERROR - 实验执行失败，错误码: 1
2025-04-21 17:18:33,771 - ExperimentRunner - ERROR - 错误输出: 错误: 找不到或无法加载主类 UAVMECMainApp

2025-04-21 17:18:33,771 - ExperimentRunner - INFO - 运行实验: 算法=prioritized_ddpg, 场景=rural, 重复=2/3
2025-04-21 17:18:33,771 - ExperimentRunner - INFO - 执行命令: java -cp .:./bin:./lib/* -Dalgorithm=prioritized_ddpg -Dscenario=rural -Dconfig=experiment_results/prioritized_ddpg_rural_2/config.json -Doutput=experiment_results/prioritized_ddpg_rural_2 -Dlr=0.001 -Dbatch_size=64 -Duav_count=3 -Duser_density=low UAVMECMainApp
2025-04-21 17:18:33,816 - ExperimentRunner - ERROR - 实验执行失败，错误码: 1
2025-04-21 17:18:33,816 - ExperimentRunner - ERROR - 错误输出: 错误: 找不到或无法加载主类 UAVMECMainApp

2025-04-21 17:18:33,816 - ExperimentRunner - INFO - 运行实验: 算法=prioritized_ddpg, 场景=rural, 重复=3/3
2025-04-21 17:18:33,816 - ExperimentRunner - INFO - 执行命令: java -cp .:./bin:./lib/* -Dalgorithm=prioritized_ddpg -Dscenario=rural -Dconfig=experiment_results/prioritized_ddpg_rural_3/config.json -Doutput=experiment_results/prioritized_ddpg_rural_3 -Dlr=0.001 -Dbatch_size=64 -Duav_count=3 -Duser_density=low UAVMECMainApp
2025-04-21 17:18:33,870 - ExperimentRunner - ERROR - 实验执行失败，错误码: 1
2025-04-21 17:18:33,870 - ExperimentRunner - ERROR - 错误输出: 错误: 找不到或无法加载主类 UAVMECMainApp

2025-04-21 17:18:33,870 - ExperimentRunner - INFO - 运行实验: 算法=ppo, 场景=urban, 重复=1/3
2025-04-21 17:18:33,870 - ExperimentRunner - INFO - 执行命令: java -cp .:./bin:./lib/* -Dalgorithm=ppo -Dscenario=urban -Dconfig=experiment_results/ppo_urban_1/config.json -Doutput=experiment_results/ppo_urban_1 -Dlr=0.0003 -Dbatch_size=64 -Duav_count=5 -Duser_density=high UAVMECMainApp
2025-04-21 17:18:33,916 - ExperimentRunner - ERROR - 实验执行失败，错误码: 1
2025-04-21 17:18:33,916 - ExperimentRunner - ERROR - 错误输出: 错误: 找不到或无法加载主类 UAVMECMainApp

2025-04-21 17:18:33,916 - ExperimentRunner - INFO - 运行实验: 算法=ppo, 场景=urban, 重复=2/3
2025-04-21 17:18:33,917 - ExperimentRunner - INFO - 执行命令: java -cp .:./bin:./lib/* -Dalgorithm=ppo -Dscenario=urban -Dconfig=experiment_results/ppo_urban_2/config.json -Doutput=experiment_results/ppo_urban_2 -Dlr=0.0003 -Dbatch_size=64 -Duav_count=5 -Duser_density=high UAVMECMainApp
2025-04-21 17:18:33,964 - ExperimentRunner - ERROR - 实验执行失败，错误码: 1
2025-04-21 17:18:33,964 - ExperimentRunner - ERROR - 错误输出: 错误: 找不到或无法加载主类 UAVMECMainApp

2025-04-21 17:18:33,965 - ExperimentRunner - INFO - 运行实验: 算法=ppo, 场景=urban, 重复=3/3
2025-04-21 17:18:33,965 - ExperimentRunner - INFO - 执行命令: java -cp .:./bin:./lib/* -Dalgorithm=ppo -Dscenario=urban -Dconfig=experiment_results/ppo_urban_3/config.json -Doutput=experiment_results/ppo_urban_3 -Dlr=0.0003 -Dbatch_size=64 -Duav_count=5 -Duser_density=high UAVMECMainApp
2025-04-21 17:18:34,032 - ExperimentRunner - ERROR - 实验执行失败，错误码: 1
2025-04-21 17:18:34,032 - ExperimentRunner - ERROR - 错误输出: 错误: 找不到或无法加载主类 UAVMECMainApp

2025-04-21 17:18:34,032 - ExperimentRunner - INFO - 运行实验: 算法=ppo, 场景=rural, 重复=1/3
2025-04-21 17:18:34,032 - ExperimentRunner - INFO - 执行命令: java -cp .:./bin:./lib/* -Dalgorithm=ppo -Dscenario=rural -Dconfig=experiment_results/ppo_rural_1/config.json -Doutput=experiment_results/ppo_rural_1 -Dlr=0.0003 -Dbatch_size=64 -Duav_count=3 -Duser_density=low UAVMECMainApp
2025-04-21 17:18:34,087 - ExperimentRunner - ERROR - 实验执行失败，错误码: 1
2025-04-21 17:18:34,087 - ExperimentRunner - ERROR - 错误输出: 错误: 找不到或无法加载主类 UAVMECMainApp

2025-04-21 17:18:34,088 - ExperimentRunner - INFO - 运行实验: 算法=ppo, 场景=rural, 重复=2/3
2025-04-21 17:18:34,088 - ExperimentRunner - INFO - 执行命令: java -cp .:./bin:./lib/* -Dalgorithm=ppo -Dscenario=rural -Dconfig=experiment_results/ppo_rural_2/config.json -Doutput=experiment_results/ppo_rural_2 -Dlr=0.0003 -Dbatch_size=64 -Duav_count=3 -Duser_density=low UAVMECMainApp
2025-04-21 17:18:34,139 - ExperimentRunner - ERROR - 实验执行失败，错误码: 1
2025-04-21 17:18:34,139 - ExperimentRunner - ERROR - 错误输出: 错误: 找不到或无法加载主类 UAVMECMainApp

2025-04-21 17:18:34,139 - ExperimentRunner - INFO - 运行实验: 算法=ppo, 场景=rural, 重复=3/3
2025-04-21 17:18:34,139 - ExperimentRunner - INFO - 执行命令: java -cp .:./bin:./lib/* -Dalgorithm=ppo -Dscenario=rural -Dconfig=experiment_results/ppo_rural_3/config.json -Doutput=experiment_results/ppo_rural_3 -Dlr=0.0003 -Dbatch_size=64 -Duav_count=3 -Duser_density=low UAVMECMainApp
2025-04-21 17:18:34,185 - ExperimentRunner - ERROR - 实验执行失败，错误码: 1
2025-04-21 17:18:34,185 - ExperimentRunner - ERROR - 错误输出: 错误: 找不到或无法加载主类 UAVMECMainApp

2025-04-21 17:18:34,185 - ExperimentRunner - INFO - 运行实验: 算法=dqn, 场景=urban, 重复=1/3
2025-04-21 17:18:34,186 - ExperimentRunner - INFO - 执行命令: java -cp .:./bin:./lib/* -Dalgorithm=dqn -Dscenario=urban -Dconfig=experiment_results/dqn_urban_1/config.json -Doutput=experiment_results/dqn_urban_1 -Dlr=0.001 -Dbatch_size=64 -Duav_count=5 -Duser_density=high UAVMECMainApp
2025-04-21 17:18:34,231 - ExperimentRunner - ERROR - 实验执行失败，错误码: 1
2025-04-21 17:18:34,231 - ExperimentRunner - ERROR - 错误输出: 错误: 找不到或无法加载主类 UAVMECMainApp

2025-04-21 17:18:34,231 - ExperimentRunner - INFO - 运行实验: 算法=dqn, 场景=urban, 重复=2/3
2025-04-21 17:18:34,232 - ExperimentRunner - INFO - 执行命令: java -cp .:./bin:./lib/* -Dalgorithm=dqn -Dscenario=urban -Dconfig=experiment_results/dqn_urban_2/config.json -Doutput=experiment_results/dqn_urban_2 -Dlr=0.001 -Dbatch_size=64 -Duav_count=5 -Duser_density=high UAVMECMainApp
2025-04-21 17:18:34,277 - ExperimentRunner - ERROR - 实验执行失败，错误码: 1
2025-04-21 17:18:34,277 - ExperimentRunner - ERROR - 错误输出: 错误: 找不到或无法加载主类 UAVMECMainApp

2025-04-21 17:18:34,277 - ExperimentRunner - INFO - 运行实验: 算法=dqn, 场景=urban, 重复=3/3
2025-04-21 17:18:34,277 - ExperimentRunner - INFO - 执行命令: java -cp .:./bin:./lib/* -Dalgorithm=dqn -Dscenario=urban -Dconfig=experiment_results/dqn_urban_3/config.json -Doutput=experiment_results/dqn_urban_3 -Dlr=0.001 -Dbatch_size=64 -Duav_count=5 -Duser_density=high UAVMECMainApp
2025-04-21 17:18:34,322 - ExperimentRunner - ERROR - 实验执行失败，错误码: 1
2025-04-21 17:18:34,322 - ExperimentRunner - ERROR - 错误输出: 错误: 找不到或无法加载主类 UAVMECMainApp

2025-04-21 17:18:34,322 - ExperimentRunner - INFO - 运行实验: 算法=dqn, 场景=rural, 重复=1/3
2025-04-21 17:18:34,322 - ExperimentRunner - INFO - 执行命令: java -cp .:./bin:./lib/* -Dalgorithm=dqn -Dscenario=rural -Dconfig=experiment_results/dqn_rural_1/config.json -Doutput=experiment_results/dqn_rural_1 -Dlr=0.001 -Dbatch_size=64 -Duav_count=3 -Duser_density=low UAVMECMainApp
2025-04-21 17:18:34,367 - ExperimentRunner - ERROR - 实验执行失败，错误码: 1
2025-04-21 17:18:34,367 - ExperimentRunner - ERROR - 错误输出: 错误: 找不到或无法加载主类 UAVMECMainApp

2025-04-21 17:18:34,367 - ExperimentRunner - INFO - 运行实验: 算法=dqn, 场景=rural, 重复=2/3
2025-04-21 17:18:34,367 - ExperimentRunner - INFO - 执行命令: java -cp .:./bin:./lib/* -Dalgorithm=dqn -Dscenario=rural -Dconfig=experiment_results/dqn_rural_2/config.json -Doutput=experiment_results/dqn_rural_2 -Dlr=0.001 -Dbatch_size=64 -Duav_count=3 -Duser_density=low UAVMECMainApp
2025-04-21 17:18:34,413 - ExperimentRunner - ERROR - 实验执行失败，错误码: 1
2025-04-21 17:18:34,413 - ExperimentRunner - ERROR - 错误输出: 错误: 找不到或无法加载主类 UAVMECMainApp

2025-04-21 17:18:34,413 - ExperimentRunner - INFO - 运行实验: 算法=dqn, 场景=rural, 重复=3/3
2025-04-21 17:18:34,413 - ExperimentRunner - INFO - 执行命令: java -cp .:./bin:./lib/* -Dalgorithm=dqn -Dscenario=rural -Dconfig=experiment_results/dqn_rural_3/config.json -Doutput=experiment_results/dqn_rural_3 -Dlr=0.001 -Dbatch_size=64 -Duav_count=3 -Duser_density=low UAVMECMainApp
2025-04-21 17:18:34,458 - ExperimentRunner - ERROR - 实验执行失败，错误码: 1
2025-04-21 17:18:34,458 - ExperimentRunner - ERROR - 错误输出: 错误: 找不到或无法加载主类 UAVMECMainApp

2025-04-21 17:18:34,458 - ExperimentRunner - WARNING - 没有成功的实验结果可供分析
2025-04-21 17:18:34,458 - ExperimentRunner - INFO - 所有实验运行完成
